15:20:15 **** Build of configuration Debug for project task1 ****
make -j20 all 
arm-none-eabi-gcc "../Drivers/STM32L4xx_HAL_Driver/Src/stm32l4xx_hal.c" -mcpu=cortex-m4 -std=gnu11 -g3 -DDEBUG -DUSE_HAL_DRIVER -DSTM32L432xx -c -I../Core/Inc -I../Drivers/STM32L4xx_HAL_Driver/Inc -I../Drivers/STM32L4xx_HAL_Driver/Inc/Legacy -I../Drivers/CMSIS/Device/ST/STM32L4xx/Include -I../Drivers/CMSIS/Include -O0 -ffunction-sections -fdata-sections -Wall -fstack-usage -fcyclomatic-complexity -MMD -MP -MF"Drivers/STM32L4xx_HAL_Driver/Src/stm32l4xx_hal.d" -MT"Drivers/STM32L4xx_HAL_Driver/Src/stm32l4xx_hal.o" --specs=nano.specs -mfpu=fpv4-sp-d16 -mfloat-abi=hard -mthumb -o "Drivers/STM32L4xx_HAL_Driver/Src/stm32l4xx_hal.o"
arm-none-eabi-gcc "../Drivers/STM32L4xx_HAL_Driver/Src/stm32l4xx_hal_adc.c" -mcpu=cortex-m4 -std=gnu11 -g3 -DDEBUG -DUSE_HAL_DRIVER -DSTM32L432xx -c -I../Core/Inc -I../Drivers/STM32L4xx_HAL_Driver/Inc -I../Drivers/STM32L4xx_HAL_Driver/Inc/Legacy -I../Drivers/CMSIS/Device/ST/STM32L4xx/Include -I../Drivers/CMSIS/Include -O0 -ffunction-sections -fdata-sections -Wall -fstack-usage -fcyclomatic-complexity -MMD -MP -MF"Drivers/STM32L4xx_HAL_Driver/Src/stm32l4xx_hal_adc.d" -MT"Drivers/STM32L4xx_HAL_Driver/Src/stm32l4xx_hal_adc.o" --specs=nano.specs -mfpu=fpv4-sp-d16 -mfloat-abi=hard -mthumb -o "Drivers/STM32L4xx_HAL_Driver/Src/stm32l4xx_hal_adc.o"
arm-none-eabi-gcc "../Drivers/STM32L4xx_HAL_Driver/Src/stm32l4xx_hal_adc_ex.c" -mcpu=cortex-m4 -std=gnu11 -g3 -DDEBUG -DUSE_HAL_DRIVER -DSTM32L432xx -c -I../Core/Inc -I../Drivers/STM32L4xx_HAL_Driver/Inc -I../Drivers/STM32L4xx_HAL_Driver/Inc/Legacy -I../Drivers/CMSIS/Device/ST/STM32L4xx/Include -I../Drivers/CMSIS/Include -O0 -ffunction-sections -fdata-sections -Wall -fstack-usage -fcyclomatic-complexity -MMD -MP -MF"Drivers/STM32L4xx_HAL_Driver/Src/stm32l4xx_hal_adc_ex.d" -MT"Drivers/STM32L4xx_HAL_Driver/Src/stm32l4xx_hal_adc_ex.o" --specs=nano.specs -mfpu=fpv4-sp-d16 -mfloat-abi=hard -mthumb -o "Drivers/STM32L4xx_HAL_Driver/Src/stm32l4xx_hal_adc_ex.o"
arm-none-eabi-gcc "../Drivers/STM32L4xx_HAL_Driver/Src/stm32l4xx_hal_cortex.c" -mcpu=cortex-m4 -std=gnu11 -g3 -DDEBUG -DUSE_HAL_DRIVER -DSTM32L432xx -c -I../Core/Inc -I../Drivers/STM32L4xx_HAL_Driver/Inc -I../Drivers/STM32L4xx_HAL_Driver/Inc/Legacy -I../Drivers/CMSIS/Device/ST/STM32L4xx/Include -I../Drivers/CMSIS/Include -O0 -ffunction-sections -fdata-sections -Wall -fstack-usage -fcyclomatic-complexity -MMD -MP -MF"Drivers/STM32L4xx_HAL_Driver/Src/stm32l4xx_hal_cortex.d" -MT"Drivers/STM32L4xx_HAL_Driver/Src/stm32l4xx_hal_cortex.o" --specs=nano.specs -mfpu=fpv4-sp-d16 -mfloat-abi=hard -mthumb -o "Drivers/STM32L4xx_HAL_Driver/Src/stm32l4xx_hal_cortex.o"
arm-none-eabi-gcc "../Drivers/STM32L4xx_HAL_Driver/Src/stm32l4xx_hal_dma.c" -mcpu=cortex-m4 -std=gnu11 -g3 -DDEBUG -DUSE_HAL_DRIVER -DSTM32L432xx -c -I../Core/Inc -I../Drivers/STM32L4xx_HAL_Driver/Inc -I../Drivers/STM32L4xx_HAL_Driver/Inc/Legacy -I../Drivers/CMSIS/Device/ST/STM32L4xx/Include -I../Drivers/CMSIS/Include -O0 -ffunction-sections -fdata-sections -Wall -fstack-usage -fcyclomatic-complexity -MMD -MP -MF"Drivers/STM32L4xx_HAL_Driver/Src/stm32l4xx_hal_dma.d" -MT"Drivers/STM32L4xx_HAL_Driver/Src/stm32l4xx_hal_dma.o" --specs=nano.specs -mfpu=fpv4-sp-d16 -mfloat-abi=hard -mthumb -o "Drivers/STM32L4xx_HAL_Driver/Src/stm32l4xx_hal_dma.o"
arm-none-eabi-gcc "../Drivers/STM32L4xx_HAL_Driver/Src/stm32l4xx_hal_dma_ex.c" -mcpu=cortex-m4 -std=gnu11 -g3 -DDEBUG -DUSE_HAL_DRIVER -DSTM32L432xx -c -I../Core/Inc -I../Drivers/STM32L4xx_HAL_Driver/Inc -I../Drivers/STM32L4xx_HAL_Driver/Inc/Legacy -I../Drivers/CMSIS/Device/ST/STM32L4xx/Include -I../Drivers/CMSIS/Include -O0 -ffunction-sections -fdata-sections -Wall -fstack-usage -fcyclomatic-complexity -MMD -MP -MF"Drivers/STM32L4xx_HAL_Driver/Src/stm32l4xx_hal_dma_ex.d" -MT"Drivers/STM32L4xx_HAL_Driver/Src/stm32l4xx_hal_dma_ex.o" --specs=nano.specs -mfpu=fpv4-sp-d16 -mfloat-abi=hard -mthumb -o "Drivers/STM32L4xx_HAL_Driver/Src/stm32l4xx_hal_dma_ex.o"
arm-none-eabi-gcc "../Drivers/STM32L4xx_HAL_Driver/Src/stm32l4xx_hal_exti.c" -mcpu=cortex-m4 -std=gnu11 -g3 -DDEBUG -DUSE_HAL_DRIVER -DSTM32L432xx -c -I../Core/Inc -I../Drivers/STM32L4xx_HAL_Driver/Inc -I../Drivers/STM32L4xx_HAL_Driver/Inc/Legacy -I../Drivers/CMSIS/Device/ST/STM32L4xx/Include -I../Drivers/CMSIS/Include -O0 -ffunction-sections -fdata-sections -Wall -fstack-usage -fcyclomatic-complexity -MMD -MP -MF"Drivers/STM32L4xx_HAL_Driver/Src/stm32l4xx_hal_exti.d" -MT"Drivers/STM32L4xx_HAL_Driver/Src/stm32l4xx_hal_exti.o" --specs=nano.specs -mfpu=fpv4-sp-d16 -mfloat-abi=hard -mthumb -o "Drivers/STM32L4xx_HAL_Driver/Src/stm32l4xx_hal_exti.o"
arm-none-eabi-gcc "../Drivers/STM32L4xx_HAL_Driver/Src/stm32l4xx_hal_flash.c" -mcpu=cortex-m4 -std=gnu11 -g3 -DDEBUG -DUSE_HAL_DRIVER -DSTM32L432xx -c -I../Core/Inc -I../Drivers/STM32L4xx_HAL_Driver/Inc -I../Drivers/STM32L4xx_HAL_Driver/Inc/Legacy -I../Drivers/CMSIS/Device/ST/STM32L4xx/Include -I../Drivers/CMSIS/Include -O0 -ffunction-sections -fdata-sections -Wall -fstack-usage -fcyclomatic-complexity -MMD -MP -MF"Drivers/STM32L4xx_HAL_Driver/Src/stm32l4xx_hal_flash.d" -MT"Drivers/STM32L4xx_HAL_Driver/Src/stm32l4xx_hal_flash.o" --specs=nano.specs -mfpu=fpv4-sp-d16 -mfloat-abi=hard -mthumb -o "Drivers/STM32L4xx_HAL_Driver/Src/stm32l4xx_hal_flash.o"
arm-none-eabi-gcc "../Drivers/STM32L4xx_HAL_Driver/Src/stm32l4xx_hal_flash_ex.c" -mcpu=cortex-m4 -std=gnu11 -g3 -DDEBUG -DUSE_HAL_DRIVER -DSTM32L432xx -c -I../Core/Inc -I../Drivers/STM32L4xx_HAL_Driver/Inc -I../Drivers/STM32L4xx_HAL_Driver/Inc/Legacy -I../Drivers/CMSIS/Device/ST/STM32L4xx/Include -I../Drivers/CMSIS/Include -O0 -ffunction-sections -fdata-sections -Wall -fstack-usage -fcyclomatic-complexity -MMD -MP -MF"Drivers/STM32L4xx_HAL_Driver/Src/stm32l4xx_hal_flash_ex.d" -MT"Drivers/STM32L4xx_HAL_Driver/Src/stm32l4xx_hal_flash_ex.o" --specs=nano.specs -mfpu=fpv4-sp-d16 -mfloat-abi=hard -mthumb -o "Drivers/STM32L4xx_HAL_Driver/Src/stm32l4xx_hal_flash_ex.o"
arm-none-eabi-gcc "../Drivers/STM32L4xx_HAL_Driver/Src/stm32l4xx_hal_flash_ramfunc.c" -mcpu=cortex-m4 -std=gnu11 -g3 -DDEBUG -DUSE_HAL_DRIVER -DSTM32L432xx -c -I../Core/Inc -I../Drivers/STM32L4xx_HAL_Driver/Inc -I../Drivers/STM32L4xx_HAL_Driver/Inc/Legacy -I../Drivers/CMSIS/Device/ST/STM32L4xx/Include -I../Drivers/CMSIS/Include -O0 -ffunction-sections -fdata-sections -Wall -fstack-usage -fcyclomatic-complexity -MMD -MP -MF"Drivers/STM32L4xx_HAL_Driver/Src/stm32l4xx_hal_flash_ramfunc.d" -MT"Drivers/STM32L4xx_HAL_Driver/Src/stm32l4xx_hal_flash_ramfunc.o" --specs=nano.specs -mfpu=fpv4-sp-d16 -mfloat-abi=hard -mthumb -o "Drivers/STM32L4xx_HAL_Driver/Src/stm32l4xx_hal_flash_ramfunc.o"
arm-none-eabi-gcc "../Drivers/STM32L4xx_HAL_Driver/Src/stm32l4xx_hal_gpio.c" -mcpu=cortex-m4 -std=gnu11 -g3 -DDEBUG -DUSE_HAL_DRIVER -DSTM32L432xx -c -I../Core/Inc -I../Drivers/STM32L4xx_HAL_Driver/Inc -I../Drivers/STM32L4xx_HAL_Driver/Inc/Legacy -I../Drivers/CMSIS/Device/ST/STM32L4xx/Include -I../Drivers/CMSIS/Include -O0 -ffunction-sections -fdata-sections -Wall -fstack-usage -fcyclomatic-complexity -MMD -MP -MF"Drivers/STM32L4xx_HAL_Driver/Src/stm32l4xx_hal_gpio.d" -MT"Drivers/STM32L4xx_HAL_Driver/Src/stm32l4xx_hal_gpio.o" --specs=nano.specs -mfpu=fpv4-sp-d16 -mfloat-abi=hard -mthumb -o "Drivers/STM32L4xx_HAL_Driver/Src/stm32l4xx_hal_gpio.o"
arm-none-eabi-gcc "../Drivers/STM32L4xx_HAL_Driver/Src/stm32l4xx_hal_i2c.c" -mcpu=cortex-m4 -std=gnu11 -g3 -DDEBUG -DUSE_HAL_DRIVER -DSTM32L432xx -c -I../Core/Inc -I../Drivers/STM32L4xx_HAL_Driver/Inc -I../Drivers/STM32L4xx_HAL_Driver/Inc/Legacy -I../Drivers/CMSIS/Device/ST/STM32L4xx/Include -I../Drivers/CMSIS/Include -O0 -ffunction-sections -fdata-sections -Wall -fstack-usage -fcyclomatic-complexity -MMD -MP -MF"Drivers/STM32L4xx_HAL_Driver/Src/stm32l4xx_hal_i2c.d" -MT"Drivers/STM32L4xx_HAL_Driver/Src/stm32l4xx_hal_i2c.o" --specs=nano.specs -mfpu=fpv4-sp-d16 -mfloat-abi=hard -mthumb -o "Drivers/STM32L4xx_HAL_Driver/Src/stm32l4xx_hal_i2c.o"
arm-none-eabi-gcc "../Drivers/STM32L4xx_HAL_Driver/Src/stm32l4xx_hal_i2c_ex.c" -mcpu=cortex-m4 -std=gnu11 -g3 -DDEBUG -DUSE_HAL_DRIVER -DSTM32L432xx -c -I../Core/Inc -I../Drivers/STM32L4xx_HAL_Driver/Inc -I../Drivers/STM32L4xx_HAL_Driver/Inc/Legacy -I../Drivers/CMSIS/Device/ST/STM32L4xx/Include -I../Drivers/CMSIS/Include -O0 -ffunction-sections -fdata-sections -Wall -fstack-usage -fcyclomatic-complexity -MMD -MP -MF"Drivers/STM32L4xx_HAL_Driver/Src/stm32l4xx_hal_i2c_ex.d" -MT"Drivers/STM32L4xx_HAL_Driver/Src/stm32l4xx_hal_i2c_ex.o" --specs=nano.specs -mfpu=fpv4-sp-d16 -mfloat-abi=hard -mthumb -o "Drivers/STM32L4xx_HAL_Driver/Src/stm32l4xx_hal_i2c_ex.o"
arm-none-eabi-gcc "../Drivers/STM32L4xx_HAL_Driver/Src/stm32l4xx_hal_pwr.c" -mcpu=cortex-m4 -std=gnu11 -g3 -DDEBUG -DUSE_HAL_DRIVER -DSTM32L432xx -c -I../Core/Inc -I../Drivers/STM32L4xx_HAL_Driver/Inc -I../Drivers/STM32L4xx_HAL_Driver/Inc/Legacy -I../Drivers/CMSIS/Device/ST/STM32L4xx/Include -I../Drivers/CMSIS/Include -O0 -ffunction-sections -fdata-sections -Wall -fstack-usage -fcyclomatic-complexity -MMD -MP -MF"Drivers/STM32L4xx_HAL_Driver/Src/stm32l4xx_hal_pwr.d" -MT"Drivers/STM32L4xx_HAL_Driver/Src/stm32l4xx_hal_pwr.o" --specs=nano.specs -mfpu=fpv4-sp-d16 -mfloat-abi=hard -mthumb -o "Drivers/STM32L4xx_HAL_Driver/Src/stm32l4xx_hal_pwr.o"
arm-none-eabi-gcc "../Drivers/STM32L4xx_HAL_Driver/Src/stm32l4xx_hal_pwr_ex.c" -mcpu=cortex-m4 -std=gnu11 -g3 -DDEBUG -DUSE_HAL_DRIVER -DSTM32L432xx -c -I../Core/Inc -I../Drivers/STM32L4xx_HAL_Driver/Inc -I../Drivers/STM32L4xx_HAL_Driver/Inc/Legacy -I../Drivers/CMSIS/Device/ST/STM32L4xx/Include -I../Drivers/CMSIS/Include -O0 -ffunction-sections -fdata-sections -Wall -fstack-usage -fcyclomatic-complexity -MMD -MP -MF"Drivers/STM32L4xx_HAL_Driver/Src/stm32l4xx_hal_pwr_ex.d" -MT"Drivers/STM32L4xx_HAL_Driver/Src/stm32l4xx_hal_pwr_ex.o" --specs=nano.specs -mfpu=fpv4-sp-d16 -mfloat-abi=hard -mthumb -o "Drivers/STM32L4xx_HAL_Driver/Src/stm32l4xx_hal_pwr_ex.o"
arm-none-eabi-gcc "../Drivers/STM32L4xx_HAL_Driver/Src/stm32l4xx_hal_rcc.c" -mcpu=cortex-m4 -std=gnu11 -g3 -DDEBUG -DUSE_HAL_DRIVER -DSTM32L432xx -c -I../Core/Inc -I../Drivers/STM32L4xx_HAL_Driver/Inc -I../Drivers/STM32L4xx_HAL_Driver/Inc/Legacy -I../Drivers/CMSIS/Device/ST/STM32L4xx/Include -I../Drivers/CMSIS/Include -O0 -ffunction-sections -fdata-sections -Wall -fstack-usage -fcyclomatic-complexity -MMD -MP -MF"Drivers/STM32L4xx_HAL_Driver/Src/stm32l4xx_hal_rcc.d" -MT"Drivers/STM32L4xx_HAL_Driver/Src/stm32l4xx_hal_rcc.o" --specs=nano.specs -mfpu=fpv4-sp-d16 -mfloat-abi=hard -mthumb -o "Drivers/STM32L4xx_HAL_Driver/Src/stm32l4xx_hal_rcc.o"
arm-none-eabi-gcc "../Drivers/STM32L4xx_HAL_Driver/Src/stm32l4xx_hal_rcc_ex.c" -mcpu=cortex-m4 -std=gnu11 -g3 -DDEBUG -DUSE_HAL_DRIVER -DSTM32L432xx -c -I../Core/Inc -I../Drivers/STM32L4xx_HAL_Driver/Inc -I../Drivers/STM32L4xx_HAL_Driver/Inc/Legacy -I../Drivers/CMSIS/Device/ST/STM32L4xx/Include -I../Drivers/CMSIS/Include -O0 -ffunction-sections -fdata-sections -Wall -fstack-usage -fcyclomatic-complexity -MMD -MP -MF"Drivers/STM32L4xx_HAL_Driver/Src/stm32l4xx_hal_rcc_ex.d" -MT"Drivers/STM32L4xx_HAL_Driver/Src/stm32l4xx_hal_rcc_ex.o" --specs=nano.specs -mfpu=fpv4-sp-d16 -mfloat-abi=hard -mthumb -o "Drivers/STM32L4xx_HAL_Driver/Src/stm32l4xx_hal_rcc_ex.o"
arm-none-eabi-gcc "../Drivers/STM32L4xx_HAL_Driver/Src/stm32l4xx_hal_uart.c" -mcpu=cortex-m4 -std=gnu11 -g3 -DDEBUG -DUSE_HAL_DRIVER -DSTM32L432xx -c -I../Core/Inc -I../Drivers/STM32L4xx_HAL_Driver/Inc -I../Drivers/STM32L4xx_HAL_Driver/Inc/Legacy -I../Drivers/CMSIS/Device/ST/STM32L4xx/Include -I../Drivers/CMSIS/Include -O0 -ffunction-sections -fdata-sections -Wall -fstack-usage -fcyclomatic-complexity -MMD -MP -MF"Drivers/STM32L4xx_HAL_Driver/Src/stm32l4xx_hal_uart.d" -MT"Drivers/STM32L4xx_HAL_Driver/Src/stm32l4xx_hal_uart.o" --specs=nano.specs -mfpu=fpv4-sp-d16 -mfloat-abi=hard -mthumb -o "Drivers/STM32L4xx_HAL_Driver/Src/stm32l4xx_hal_uart.o"
arm-none-eabi-gcc "../Drivers/STM32L4xx_HAL_Driver/Src/stm32l4xx_hal_uart_ex.c" -mcpu=cortex-m4 -std=gnu11 -g3 -DDEBUG -DUSE_HAL_DRIVER -DSTM32L432xx -c -I../Core/Inc -I../Drivers/STM32L4xx_HAL_Driver/Inc -I../Drivers/STM32L4xx_HAL_Driver/Inc/Legacy -I../Drivers/CMSIS/Device/ST/STM32L4xx/Include -I../Drivers/CMSIS/Include -O0 -ffunction-sections -fdata-sections -Wall -fstack-usage -fcyclomatic-complexity -MMD -MP -MF"Drivers/STM32L4xx_HAL_Driver/Src/stm32l4xx_hal_uart_ex.d" -MT"Drivers/STM32L4xx_HAL_Driver/Src/stm32l4xx_hal_uart_ex.o" --specs=nano.specs -mfpu=fpv4-sp-d16 -mfloat-abi=hard -mthumb -o "Drivers/STM32L4xx_HAL_Driver/Src/stm32l4xx_hal_uart_ex.o"
arm-none-eabi-gcc -mcpu=cortex-m4 -g3 -DDEBUG -c -x assembler-with-cpp -MMD -MP -MF"Core/Startup/startup_stm32l432kcux.d" -MT"Core/Startup/startup_stm32l432kcux.o" --specs=nano.specs -mfpu=fpv4-sp-d16 -mfloat-abi=hard -mthumb -o "Core/Startup/startup_stm32l432kcux.o" "../Core/Startup/startup_stm32l432kcux.s"
arm-none-eabi-gcc "../Core/Src/main.c" -mcpu=cortex-m4 -std=gnu11 -g3 -DDEBUG -DUSE_HAL_DRIVER -DSTM32L432xx -c -I../Core/Inc -I../Drivers/STM32L4xx_HAL_Driver/Inc -I../Drivers/STM32L4xx_HAL_Driver/Inc/Legacy -I../Drivers/CMSIS/Device/ST/STM32L4xx/Include -I../Drivers/CMSIS/Include -O0 -ffunction-sections -fdata-sections -Wall -fstack-usage -fcyclomatic-complexity -MMD -MP -MF"Core/Src/main.d" -MT"Core/Src/main.o" --specs=nano.specs -mfpu=fpv4-sp-d16 -mfloat-abi=hard -mthumb -o "Core/Src/main.o"
arm-none-eabi-gcc "../Core/Src/stm32l4xx_hal_msp.c" -mcpu=cortex-m4 -std=gnu11 -g3 -DDEBUG -DUSE_HAL_DRIVER -DSTM32L432xx -c -I../Core/Inc -I../Drivers/STM32L4xx_HAL_Driver/Inc -I../Drivers/STM32L4xx_HAL_Driver/Inc/Legacy -I../Drivers/CMSIS/Device/ST/STM32L4xx/Include -I../Drivers/CMSIS/Include -O0 -ffunction-sections -fdata-sections -Wall -fstack-usage -fcyclomatic-complexity -MMD -MP -MF"Core/Src/stm32l4xx_hal_msp.d" -MT"Core/Src/stm32l4xx_hal_msp.o" --specs=nano.specs -mfpu=fpv4-sp-d16 -mfloat-abi=hard -mthumb -o "Core/Src/stm32l4xx_hal_msp.o"
arm-none-eabi-gcc "../Core/Src/stm32l4xx_it.c" -mcpu=cortex-m4 -std=gnu11 -g3 -DDEBUG -DUSE_HAL_DRIVER -DSTM32L432xx -c -I../Core/Inc -I../Drivers/STM32L4xx_HAL_Driver/Inc -I../Drivers/STM32L4xx_HAL_Driver/Inc/Legacy -I../Drivers/CMSIS/Device/ST/STM32L4xx/Include -I../Drivers/CMSIS/Include -O0 -ffunction-sections -fdata-sections -Wall -fstack-usage -fcyclomatic-complexity -MMD -MP -MF"Core/Src/stm32l4xx_it.d" -MT"Core/Src/stm32l4xx_it.o" --specs=nano.specs -mfpu=fpv4-sp-d16 -mfloat-abi=hard -mthumb -o "Core/Src/stm32l4xx_it.o"
arm-none-eabi-gcc "../Core/Src/syscalls.c" -mcpu=cortex-m4 -std=gnu11 -g3 -DDEBUG -DUSE_HAL_DRIVER -DSTM32L432xx -c -I../Core/Inc -I../Drivers/STM32L4xx_HAL_Driver/Inc -I../Drivers/STM32L4xx_HAL_Driver/Inc/Legacy -I../Drivers/CMSIS/Device/ST/STM32L4xx/Include -I../Drivers/CMSIS/Include -O0 -ffunction-sections -fdata-sections -Wall -fstack-usage -fcyclomatic-complexity -MMD -MP -MF"Core/Src/syscalls.d" -MT"Core/Src/syscalls.o" --specs=nano.specs -mfpu=fpv4-sp-d16 -mfloat-abi=hard -mthumb -o "Core/Src/syscalls.o"
arm-none-eabi-gcc "../Core/Src/sysmem.c" -mcpu=cortex-m4 -std=gnu11 -g3 -DDEBUG -DUSE_HAL_DRIVER -DSTM32L432xx -c -I../Core/Inc -I../Drivers/STM32L4xx_HAL_Driver/Inc -I../Drivers/STM32L4xx_HAL_Driver/Inc/Legacy -I../Drivers/CMSIS/Device/ST/STM32L4xx/Include -I../Drivers/CMSIS/Include -O0 -ffunction-sections -fdata-sections -Wall -fstack-usage -fcyclomatic-complexity -MMD -MP -MF"Core/Src/sysmem.d" -MT"Core/Src/sysmem.o" --specs=nano.specs -mfpu=fpv4-sp-d16 -mfloat-abi=hard -mthumb -o "Core/Src/sysmem.o"
arm-none-eabi-gcc "../Core/Src/system_stm32l4xx.c" -mcpu=cortex-m4 -std=gnu11 -g3 -DDEBUG -DUSE_HAL_DRIVER -DSTM32L432xx -c -I../Core/Inc -I../Drivers/STM32L4xx_HAL_Driver/Inc -I../Drivers/STM32L4xx_HAL_Driver/Inc/Legacy -I../Drivers/CMSIS/Device/ST/STM32L4xx/Include -I../Drivers/CMSIS/Include -O0 -ffunction-sections -fdata-sections -Wall -fstack-usage -fcyclomatic-complexity -MMD -MP -MF"Core/Src/system_stm32l4xx.d" -MT"Core/Src/system_stm32l4xx.o" --specs=nano.specs -mfpu=fpv4-sp-d16 -mfloat-abi=hard -mthumb -o "Core/Src/system_stm32l4xx.o"
arm-none-eabi-gcc -o "task1.elf" @"objects.list"   -mcpu=cortex-m4 -T"C:\Users\azaki\Documents\.units\MYMI\task1\task1\STM32L432KCUX_FLASH.ld" --specs=nosys.specs -Wl,-Map="task1.map" -Wl,--gc-sections -static -u _printf_float --specs=nano.specs -mfpu=fpv4-sp-d16 -mfloat-abi=hard -mthumb -Wl,--start-group -lc -lm -Wl,--end-group
Finished building target: task1.elf
 
arm-none-eabi-size  task1.elf 
arm-none-eabi-objdump -h -S task1.elf  > "task1.list"
   text	   data	    bss	    dec	    hex	filename
  33644	    468	   2140	  36252	   8d9c	task1.elf
Finished building: default.size.stdout
 
Finished building: task1.list
 
15:21:21 **** Incremental Build of configuration Debug for project task1 ****
make -j20 all 
arm-none-eabi-size  task1.elf 
   text	   data	    bss	    dec	    hex	filename
  33644	    468	   2140	  36252	   8d9c	task1.elf
Finished building: default.size.stdout
 
15:25:45 **** Incremental Build of configuration Debug for project task1 ****
make -j20 all 
arm-none-eabi-size  task1.elf 
   text	   data	    bss	    dec	    hex	filename
  33644	    468	   2140	  36252	   8d9c	task1.elf
Finished building: default.size.stdout
 
15:26:13 **** Incremental Build of configuration Debug for project task1 ****
make -j20 all 
arm-none-eabi-gcc "../Core/Src/main.c" -mcpu=cortex-m4 -std=gnu11 -g3 -DDEBUG -DUSE_HAL_DRIVER -DSTM32L432xx -c -I../Core/Inc -I../Drivers/STM32L4xx_HAL_Driver/Inc -I../Drivers/STM32L4xx_HAL_Driver/Inc/Legacy -I../Drivers/CMSIS/Device/ST/STM32L4xx/Include -I../Drivers/CMSIS/Include -O0 -ffunction-sections -fdata-sections -Wall -fstack-usage -fcyclomatic-complexity -MMD -MP -MF"Core/Src/main.d" -MT"Core/Src/main.o" --specs=nano.specs -mfpu=fpv4-sp-d16 -mfloat-abi=hard -mthumb -o "Core/Src/main.o"
arm-none-eabi-gcc -o "task1.elf" @"objects.list"   -mcpu=cortex-m4 -T"C:\Users\azaki\Documents\.units\MYMI\task1\task1\STM32L432KCUX_FLASH.ld" --specs=nosys.specs -Wl,-Map="task1.map" -Wl,--gc-sections -static -u _printf_float --specs=nano.specs -mfpu=fpv4-sp-d16 -mfloat-abi=hard -mthumb -Wl,--start-group -lc -lm -Wl,--end-group
Finished building target: task1.elf
 
arm-none-eabi-size  task1.elf 
arm-none-eabi-objdump -h -S task1.elf  > "task1.list"
   text	   data	    bss	    dec	    hex	filename
  33636	    468	   2140	  36244	   8d94	task1.elf
Finished building: default.size.stdout
 
Finished building: task1.list
 
15:26:41 **** Incremental Build of configuration Debug for project task1 ****
make -j20 all 
arm-none-eabi-gcc "../Core/Src/main.c" -mcpu=cortex-m4 -std=gnu11 -g3 -DDEBUG -DUSE_HAL_DRIVER -DSTM32L432xx -c -I../Core/Inc -I../Drivers/STM32L4xx_HAL_Driver/Inc -I../Drivers/STM32L4xx_HAL_Driver/Inc/Legacy -I../Drivers/CMSIS/Device/ST/STM32L4xx/Include -I../Drivers/CMSIS/Include -O0 -ffunction-sections -fdata-sections -Wall -fstack-usage -fcyclomatic-complexity -MMD -MP -MF"Core/Src/main.d" -MT"Core/Src/main.o" --specs=nano.specs -mfpu=fpv4-sp-d16 -mfloat-abi=hard -mthumb -o "Core/Src/main.o"
arm-none-eabi-gcc -o "task1.elf" @"objects.list"   -mcpu=cortex-m4 -T"C:\Users\azaki\Documents\.units\MYMI\task1\task1\STM32L432KCUX_FLASH.ld" --specs=nosys.specs -Wl,-Map="task1.map" -Wl,--gc-sections -static -u _printf_float --specs=nano.specs -mfpu=fpv4-sp-d16 -mfloat-abi=hard -mthumb -Wl,--start-group -lc -lm -Wl,--end-group
Finished building target: task1.elf
 
arm-none-eabi-size  task1.elf 
arm-none-eabi-objdump -h -S task1.elf  > "task1.list"
   text	   data	    bss	    dec	    hex	filename
  33644	    468	   2140	  36252	   8d9c	task1.elf
Finished building: default.size.stdout
 
Finished building: task1.list
 
15:28:58 **** Incremental Build of configuration Debug for project task1 ****
make -j20 all 
arm-none-eabi-size  task1.elf 
   text	   data	    bss	    dec	    hex	filename
  33644	    468	   2140	  36252	   8d9c	task1.elf
Finished building: default.size.stdout
 
15:30:47 **** Incremental Build of configuration Debug for project task1 ****
make -j20 all 
arm-none-eabi-size  task1.elf 
   text	   data	    bss	    dec	    hex	filename
  33644	    468	   2140	  36252	   8d9c	task1.elf
Finished building: default.size.stdout
 
15:35:49 **** Incremental Build of configuration Debug for project task1 ****
make -j20 all 
arm-none-eabi-gcc "../Core/Src/main.c" -mcpu=cortex-m4 -std=gnu11 -g3 -DDEBUG -DUSE_HAL_DRIVER -DSTM32L432xx -c -I../Core/Inc -I../Drivers/STM32L4xx_HAL_Driver/Inc -I../Drivers/STM32L4xx_HAL_Driver/Inc/Legacy -I../Drivers/CMSIS/Device/ST/STM32L4xx/Include -I../Drivers/CMSIS/Include -O0 -ffunction-sections -fdata-sections -Wall -fstack-usage -fcyclomatic-complexity -MMD -MP -MF"Core/Src/main.d" -MT"Core/Src/main.o" --specs=nano.specs -mfpu=fpv4-sp-d16 -mfloat-abi=hard -mthumb -o "Core/Src/main.o"
arm-none-eabi-gcc "../Core/Src/stm32l4xx_hal_msp.c" -mcpu=cortex-m4 -std=gnu11 -g3 -DDEBUG -DUSE_HAL_DRIVER -DSTM32L432xx -c -I../Core/Inc -I../Drivers/STM32L4xx_HAL_Driver/Inc -I../Drivers/STM32L4xx_HAL_Driver/Inc/Legacy -I../Drivers/CMSIS/Device/ST/STM32L4xx/Include -I../Drivers/CMSIS/Include -O0 -ffunction-sections -fdata-sections -Wall -fstack-usage -fcyclomatic-complexity -MMD -MP -MF"Core/Src/stm32l4xx_hal_msp.d" -MT"Core/Src/stm32l4xx_hal_msp.o" --specs=nano.specs -mfpu=fpv4-sp-d16 -mfloat-abi=hard -mthumb -o "Core/Src/stm32l4xx_hal_msp.o"
arm-none-eabi-gcc -o "task1.elf" @"objects.list"   -mcpu=cortex-m4 -T"C:\Users\azaki\Documents\.units\MYMI\task1\task1\STM32L432KCUX_FLASH.ld" --specs=nosys.specs -Wl,-Map="task1.map" -Wl,--gc-sections -static -u _printf_float --specs=nano.specs -mfpu=fpv4-sp-d16 -mfloat-abi=hard -mthumb -Wl,--start-group -lc -lm -Wl,--end-group
Finished building target: task1.elf
 
arm-none-eabi-size  task1.elf 
arm-none-eabi-objdump -h -S task1.elf  > "task1.list"
   text	   data	    bss	    dec	    hex	filename
  33644	    468	   2140	  36252	   8d9c	task1.elf
Finished building: default.size.stdout
 
Finished building: task1.list
 
15:36:08 **** Incremental Build of configuration Debug for project task1 ****
make -j20 all 
arm-none-eabi-size  task1.elf 
   text	   data	    bss	    dec	    hex	filename
  33644	    468	   2140	  36252	   8d9c	task1.elf
Finished building: default.size.stdout
 
15:37:40 **** Incremental Build of configuration Debug for project task1 ****
make -j20 all 
arm-none-eabi-gcc "../Core/Src/main.c" -mcpu=cortex-m4 -std=gnu11 -g3 -DDEBUG -DUSE_HAL_DRIVER -DSTM32L432xx -c -I../Core/Inc -I../Drivers/STM32L4xx_HAL_Driver/Inc -I../Drivers/STM32L4xx_HAL_Driver/Inc/Legacy -I../Drivers/CMSIS/Device/ST/STM32L4xx/Include -I../Drivers/CMSIS/Include -O0 -ffunction-sections -fdata-sections -Wall -fstack-usage -fcyclomatic-complexity -MMD -MP -MF"Core/Src/main.d" -MT"Core/Src/main.o" --specs=nano.specs -mfpu=fpv4-sp-d16 -mfloat-abi=hard -mthumb -o "Core/Src/main.o"
../Core/Src/main.c: In function 'main':
../Core/Src/main.c:138:47: warning: format '%f' expects argument of type 'double', but argument 3 has type 'uint32_t' {aka 'long unsigned int'} [-Wformat=]
  138 |                   sprintf(uartMsg, "Temp = %.2f C\r\n", count, tCelsius);
      |                                            ~~~^         ~~~~~
      |                                               |         |
      |                                               double    uint32_t {aka long unsigned int}
      |                                            %.2ld
../Core/Src/main.c:138:36: warning: too many arguments for format [-Wformat-extra-args]
  138 |                   sprintf(uartMsg, "Temp = %.2f C\r\n", count, tCelsius);
      |                                    ^~~~~~~~~~~~~~~~~~~
arm-none-eabi-gcc -o "task1.elf" @"objects.list"   -mcpu=cortex-m4 -T"C:\Users\azaki\Documents\.units\MYMI\task1\task1\STM32L432KCUX_FLASH.ld" --specs=nosys.specs -Wl,-Map="task1.map" -Wl,--gc-sections -static -u _printf_float --specs=nano.specs -mfpu=fpv4-sp-d16 -mfloat-abi=hard -mthumb -Wl,--start-group -lc -lm -Wl,--end-group
Finished building target: task1.elf
 
arm-none-eabi-size  task1.elf 
arm-none-eabi-objdump -h -S task1.elf  > "task1.list"
   text	   data	    bss	    dec	    hex	filename
  33628	    468	   2140	  36236	   8d8c	task1.elf
Finished building: default.size.stdout
 
Finished building: task1.list
 
15:37:56 **** Incremental Build of configuration Debug for project task1 ****
make -j20 all 
arm-none-eabi-size  task1.elf 
   text	   data	    bss	    dec	    hex	filename
  33628	    468	   2140	  36236	   8d8c	task1.elf
Finished building: default.size.stdout
 
15:38:43 **** Incremental Build of configuration Debug for project task1 ****
make -j20 all 
arm-none-eabi-gcc "../Core/Src/main.c" -mcpu=cortex-m4 -std=gnu11 -g3 -DDEBUG -DUSE_HAL_DRIVER -DSTM32L432xx -c -I../Core/Inc -I../Drivers/STM32L4xx_HAL_Driver/Inc -I../Drivers/STM32L4xx_HAL_Driver/Inc/Legacy -I../Drivers/CMSIS/Device/ST/STM32L4xx/Include -I../Drivers/CMSIS/Include -O0 -ffunction-sections -fdata-sections -Wall -fstack-usage -fcyclomatic-complexity -MMD -MP -MF"Core/Src/main.d" -MT"Core/Src/main.o" --specs=nano.specs -mfpu=fpv4-sp-d16 -mfloat-abi=hard -mthumb -o "Core/Src/main.o"
../Core/Src/main.c: In function 'main':
../Core/Src/main.c:138:47: warning: format '%f' expects argument of type 'double', but argument 3 has type 'uint32_t' {aka 'long unsigned int'} [-Wformat=]
  138 |                   sprintf(uartMsg, "Temp = %.2f C\r\n", count, tCelsius);
      |                                            ~~~^         ~~~~~
      |                                               |         |
      |                                               double    uint32_t {aka long unsigned int}
      |                                            %.2ld
../Core/Src/main.c:138:36: warning: too many arguments for format [-Wformat-extra-args]
  138 |                   sprintf(uartMsg, "Temp = %.2f C\r\n", count, tCelsius);
      |                                    ^~~~~~~~~~~~~~~~~~~
arm-none-eabi-gcc -o "task1.elf" @"objects.list"   -mcpu=cortex-m4 -T"C:\Users\azaki\Documents\.units\MYMI\task1\task1\STM32L432KCUX_FLASH.ld" --specs=nosys.specs -Wl,-Map="task1.map" -Wl,--gc-sections -static -u _printf_float --specs=nano.specs -mfpu=fpv4-sp-d16 -mfloat-abi=hard -mthumb -Wl,--start-group -lc -lm -Wl,--end-group
Finished building target: task1.elf
 
arm-none-eabi-size  task1.elf 
arm-none-eabi-objdump -h -S task1.elf  > "task1.list"
   text	   data	    bss	    dec	    hex	filename
  33628	    468	   2140	  36236	   8d8c	task1.elf
Finished building: default.size.stdout
 
Finished building: task1.list
 
15:39:00 **** Incremental Build of configuration Debug for project task1 ****
make -j20 all 
arm-none-eabi-size  task1.elf 
   text	   data	    bss	    dec	    hex	filename
  33628	    468	   2140	  36236	   8d8c	task1.elf
Finished building: default.size.stdout
 
15:40:47 **** Incremental Build of configuration Debug for project task1 ****
make -j20 all 
arm-none-eabi-gcc "../Core/Src/main.c" -mcpu=cortex-m4 -std=gnu11 -g3 -DDEBUG -DUSE_HAL_DRIVER -DSTM32L432xx -c -I../Core/Inc -I../Drivers/STM32L4xx_HAL_Driver/Inc -I../Drivers/STM32L4xx_HAL_Driver/Inc/Legacy -I../Drivers/CMSIS/Device/ST/STM32L4xx/Include -I../Drivers/CMSIS/Include -O0 -ffunction-sections -fdata-sections -Wall -fstack-usage -fcyclomatic-complexity -MMD -MP -MF"Core/Src/main.d" -MT"Core/Src/main.o" --specs=nano.specs -mfpu=fpv4-sp-d16 -mfloat-abi=hard -mthumb -o "Core/Src/main.o"
../Core/Src/main.c: In function 'main':
../Core/Src/main.c:127:33: warning: passing argument 2 of 'sprintf' makes pointer from integer without a cast [-Wint-conversion]
  127 |                   sprintf("%d", adcValue);
      |                                 ^~~~~~~~
      |                                 |
      |                                 uint32_t {aka long unsigned int}
In file included from ../Core/Src/main.c:25:
C:\ST\STM32CubeIDE_1.19.0\STM32CubeIDE\plugins\com.st.stm32cube.ide.mcu.externaltools.gnu-tools-for-stm32.13.3.rel1.win32_1.0.0.202411081344\tools\bin/../lib/gcc/arm-none-eabi/13.3.1/../../../../arm-none-eabi/include/stdio.h:250:36: note: expected 'const char * restrict' but argument is of type 'uint32_t' {aka 'long unsigned int'}
  250 | int     sprintf (char *__restrict, const char *__restrict, ...)
      |                                    ^
../Core/Src/main.c:139:47: warning: format '%f' expects argument of type 'double', but argument 3 has type 'uint32_t' {aka 'long unsigned int'} [-Wformat=]
  139 |                   sprintf(uartMsg, "Temp = %.2f C\r\n", count, tCelsius);
      |                                            ~~~^         ~~~~~
      |                                               |         |
      |                                               double    uint32_t {aka long unsigned int}
      |                                            %.2ld
../Core/Src/main.c:139:36: warning: too many arguments for format [-Wformat-extra-args]
  139 |                   sprintf(uartMsg, "Temp = %.2f C\r\n", count, tCelsius);
      |                                    ^~~~~~~~~~~~~~~~~~~
arm-none-eabi-gcc -o "task1.elf" @"objects.list"   -mcpu=cortex-m4 -T"C:\Users\azaki\Documents\.units\MYMI\task1\task1\STM32L432KCUX_FLASH.ld" --specs=nosys.specs -Wl,-Map="task1.map" -Wl,--gc-sections -static -u _printf_float --specs=nano.specs -mfpu=fpv4-sp-d16 -mfloat-abi=hard -mthumb -Wl,--start-group -lc -lm -Wl,--end-group
Finished building target: task1.elf
 
arm-none-eabi-size  task1.elf 
arm-none-eabi-objdump -h -S task1.elf  > "task1.list"
   text	   data	    bss	    dec	    hex	filename
  33652	    468	   2140	  36260	   8da4	task1.elf
Finished building: default.size.stdout
 
Finished building: task1.list
 
15:41:02 **** Incremental Build of configuration Debug for project task1 ****
make -j20 all 
arm-none-eabi-size  task1.elf 
   text	   data	    bss	    dec	    hex	filename
  33652	    468	   2140	  36260	   8da4	task1.elf
Finished building: default.size.stdout
 
15:41:54 **** Incremental Build of configuration Debug for project task1 ****
make -j20 all 
arm-none-eabi-gcc "../Core/Src/main.c" -mcpu=cortex-m4 -std=gnu11 -g3 -DDEBUG -DUSE_HAL_DRIVER -DSTM32L432xx -c -I../Core/Inc -I../Drivers/STM32L4xx_HAL_Driver/Inc -I../Drivers/STM32L4xx_HAL_Driver/Inc/Legacy -I../Drivers/CMSIS/Device/ST/STM32L4xx/Include -I../Drivers/CMSIS/Include -O0 -ffunction-sections -fdata-sections -Wall -fstack-usage -fcyclomatic-complexity -MMD -MP -MF"Core/Src/main.d" -MT"Core/Src/main.o" --specs=nano.specs -mfpu=fpv4-sp-d16 -mfloat-abi=hard -mthumb -o "Core/Src/main.o"
../Core/Src/main.c: In function 'main':
../Core/Src/main.c:127:36: warning: passing argument 2 of 'sprintf' makes pointer from integer without a cast [-Wint-conversion]
  127 |                   sprintf("hello", adcValue);
      |                                    ^~~~~~~~
      |                                    |
      |                                    uint32_t {aka long unsigned int}
In file included from ../Core/Src/main.c:25:
C:\ST\STM32CubeIDE_1.19.0\STM32CubeIDE\plugins\com.st.stm32cube.ide.mcu.externaltools.gnu-tools-for-stm32.13.3.rel1.win32_1.0.0.202411081344\tools\bin/../lib/gcc/arm-none-eabi/13.3.1/../../../../arm-none-eabi/include/stdio.h:250:36: note: expected 'const char * restrict' but argument is of type 'uint32_t' {aka 'long unsigned int'}
  250 | int     sprintf (char *__restrict, const char *__restrict, ...)
      |                                    ^
../Core/Src/main.c:139:47: warning: format '%f' expects argument of type 'double', but argument 3 has type 'uint32_t' {aka 'long unsigned int'} [-Wformat=]
  139 |                   sprintf(uartMsg, "Temp = %.2f C\r\n", count, tCelsius);
      |                                            ~~~^         ~~~~~
      |                                               |         |
      |                                               double    uint32_t {aka long unsigned int}
      |                                            %.2ld
../Core/Src/main.c:139:36: warning: too many arguments for format [-Wformat-extra-args]
  139 |                   sprintf(uartMsg, "Temp = %.2f C\r\n", count, tCelsius);
      |                                    ^~~~~~~~~~~~~~~~~~~
arm-none-eabi-gcc -o "task1.elf" @"objects.list"   -mcpu=cortex-m4 -T"C:\Users\azaki\Documents\.units\MYMI\task1\task1\STM32L432KCUX_FLASH.ld" --specs=nosys.specs -Wl,-Map="task1.map" -Wl,--gc-sections -static -u _printf_float --specs=nano.specs -mfpu=fpv4-sp-d16 -mfloat-abi=hard -mthumb -Wl,--start-group -lc -lm -Wl,--end-group
Finished building target: task1.elf
 
arm-none-eabi-size  task1.elf 
arm-none-eabi-objdump -h -S task1.elf  > "task1.list"
   text	   data	    bss	    dec	    hex	filename
  33652	    468	   2140	  36260	   8da4	task1.elf
Finished building: default.size.stdout
 
Finished building: task1.list
 
15:42:13 **** Incremental Build of configuration Debug for project task1 ****
make -j20 all 
arm-none-eabi-size  task1.elf 
   text	   data	    bss	    dec	    hex	filename
  33652	    468	   2140	  36260	   8da4	task1.elf
Finished building: default.size.stdout
 
15:44:10 **** Incremental Build of configuration Debug for project task1 ****
make -j20 all 
arm-none-eabi-gcc "../Core/Src/main.c" -mcpu=cortex-m4 -std=gnu11 -g3 -DDEBUG -DUSE_HAL_DRIVER -DSTM32L432xx -c -I../Core/Inc -I../Drivers/STM32L4xx_HAL_Driver/Inc -I../Drivers/STM32L4xx_HAL_Driver/Inc/Legacy -I../Drivers/CMSIS/Device/ST/STM32L4xx/Include -I../Drivers/CMSIS/Include -O0 -ffunction-sections -fdata-sections -Wall -fstack-usage -fcyclomatic-complexity -MMD -MP -MF"Core/Src/main.d" -MT"Core/Src/main.o" --specs=nano.specs -mfpu=fpv4-sp-d16 -mfloat-abi=hard -mthumb -o "Core/Src/main.o"
../Core/Src/main.c: In function 'main':
../Core/Src/main.c:127:38: warning: format '%d' expects argument of type 'int', but argument 3 has type 'uint32_t' {aka 'long unsigned int'} [-Wformat=]
  127 |                   sprintf(uartMsg, "%d", adcValue);
      |                                     ~^   ~~~~~~~~
      |                                      |   |
      |                                      int uint32_t {aka long unsigned int}
      |                                     %ld
../Core/Src/main.c:139:47: warning: format '%f' expects argument of type 'double', but argument 3 has type 'uint32_t' {aka 'long unsigned int'} [-Wformat=]
  139 |                   sprintf(uartMsg, "Temp = %.2f C\r\n", count, tCelsius);
      |                                            ~~~^         ~~~~~
      |                                               |         |
      |                                               double    uint32_t {aka long unsigned int}
      |                                            %.2ld
../Core/Src/main.c:139:36: warning: too many arguments for format [-Wformat-extra-args]
  139 |                   sprintf(uartMsg, "Temp = %.2f C\r\n", count, tCelsius);
      |                                    ^~~~~~~~~~~~~~~~~~~
arm-none-eabi-gcc -o "task1.elf" @"objects.list"   -mcpu=cortex-m4 -T"C:\Users\azaki\Documents\.units\MYMI\task1\task1\STM32L432KCUX_FLASH.ld" --specs=nosys.specs -Wl,-Map="task1.map" -Wl,--gc-sections -static -u _printf_float --specs=nano.specs -mfpu=fpv4-sp-d16 -mfloat-abi=hard -mthumb -Wl,--start-group -lc -lm -Wl,--end-group
Finished building target: task1.elf
 
arm-none-eabi-size  task1.elf 
arm-none-eabi-objdump -h -S task1.elf  > "task1.list"
   text	   data	    bss	    dec	    hex	filename
  33652	    468	   2140	  36260	   8da4	task1.elf
Finished building: default.size.stdout
 
Finished building: task1.list
 
15:45:26 **** Incremental Build of configuration Debug for project task1 ****
make -j20 all 
arm-none-eabi-gcc "../Core/Src/main.c" -mcpu=cortex-m4 -std=gnu11 -g3 -DDEBUG -DUSE_HAL_DRIVER -DSTM32L432xx -c -I../Core/Inc -I../Drivers/STM32L4xx_HAL_Driver/Inc -I../Drivers/STM32L4xx_HAL_Driver/Inc/Legacy -I../Drivers/CMSIS/Device/ST/STM32L4xx/Include -I../Drivers/CMSIS/Include -O0 -ffunction-sections -fdata-sections -Wall -fstack-usage -fcyclomatic-complexity -MMD -MP -MF"Core/Src/main.d" -MT"Core/Src/main.o" --specs=nano.specs -mfpu=fpv4-sp-d16 -mfloat-abi=hard -mthumb -o "Core/Src/main.o"
../Core/Src/main.c: In function 'main':
../Core/Src/main.c:139:47: warning: format '%f' expects argument of type 'double', but argument 3 has type 'uint32_t' {aka 'long unsigned int'} [-Wformat=]
  139 |                   sprintf(uartMsg, "Temp = %.2f C\r\n", count, tCelsius);
      |                                            ~~~^         ~~~~~
      |                                               |         |
      |                                               double    uint32_t {aka long unsigned int}
      |                                            %.2ld
../Core/Src/main.c:139:36: warning: too many arguments for format [-Wformat-extra-args]
  139 |                   sprintf(uartMsg, "Temp = %.2f C\r\n", count, tCelsius);
      |                                    ^~~~~~~~~~~~~~~~~~~
arm-none-eabi-gcc -o "task1.elf" @"objects.list"   -mcpu=cortex-m4 -T"C:\Users\azaki\Documents\.units\MYMI\task1\task1\STM32L432KCUX_FLASH.ld" --specs=nosys.specs -Wl,-Map="task1.map" -Wl,--gc-sections -static -u _printf_float --specs=nano.specs -mfpu=fpv4-sp-d16 -mfloat-abi=hard -mthumb -Wl,--start-group -lc -lm -Wl,--end-group
Finished building target: task1.elf
 
arm-none-eabi-size  task1.elf 
arm-none-eabi-objdump -h -S task1.elf  > "task1.list"
   text	   data	    bss	    dec	    hex	filename
  33668	    468	   2140	  36276	   8db4	task1.elf
Finished building: default.size.stdout
 
Finished building: task1.list
 
15:47:21 **** Incremental Build of configuration Debug for project task1 ****
make -j20 all 
arm-none-eabi-gcc "../Core/Src/main.c" -mcpu=cortex-m4 -std=gnu11 -g3 -DDEBUG -DUSE_HAL_DRIVER -DSTM32L432xx -c -I../Core/Inc -I../Drivers/STM32L4xx_HAL_Driver/Inc -I../Drivers/STM32L4xx_HAL_Driver/Inc/Legacy -I../Drivers/CMSIS/Device/ST/STM32L4xx/Include -I../Drivers/CMSIS/Include -O0 -ffunction-sections -fdata-sections -Wall -fstack-usage -fcyclomatic-complexity -MMD -MP -MF"Core/Src/main.d" -MT"Core/Src/main.o" --specs=nano.specs -mfpu=fpv4-sp-d16 -mfloat-abi=hard -mthumb -o "Core/Src/main.o"
../Core/Src/main.c: In function 'main':
../Core/Src/main.c:140:48: warning: format '%f' expects argument of type 'double', but argument 3 has type 'uint32_t' {aka 'long unsigned int'} [-Wformat=]
  140 |                   sprintf(uartMsg2, "Temp = %.2f C\r\n", count, tCelsius);
      |                                             ~~~^         ~~~~~
      |                                                |         |
      |                                                double    uint32_t {aka long unsigned int}
      |                                             %.2ld
../Core/Src/main.c:140:37: warning: too many arguments for format [-Wformat-extra-args]
  140 |                   sprintf(uartMsg2, "Temp = %.2f C\r\n", count, tCelsius);
      |                                     ^~~~~~~~~~~~~~~~~~~
arm-none-eabi-gcc -o "task1.elf" @"objects.list"   -mcpu=cortex-m4 -T"C:\Users\azaki\Documents\.units\MYMI\task1\task1\STM32L432KCUX_FLASH.ld" --specs=nosys.specs -Wl,-Map="task1.map" -Wl,--gc-sections -static -u _printf_float --specs=nano.specs -mfpu=fpv4-sp-d16 -mfloat-abi=hard -mthumb -Wl,--start-group -lc -lm -Wl,--end-group
Finished building target: task1.elf
 
arm-none-eabi-size  task1.elf 
arm-none-eabi-objdump -h -S task1.elf  > "task1.list"
   text	   data	    bss	    dec	    hex	filename
  33676	    468	   2140	  36284	   8dbc	task1.elf
Finished building: default.size.stdout
 
Finished building: task1.list
 
15:47:43 **** Incremental Build of configuration Debug for project task1 ****
make -j20 all 
arm-none-eabi-size  task1.elf 
   text	   data	    bss	    dec	    hex	filename
  33676	    468	   2140	  36284	   8dbc	task1.elf
Finished building: default.size.stdout
 
15:48:56 **** Incremental Build of configuration Debug for project task1 ****
make -j20 all 
arm-none-eabi-gcc "../Core/Src/main.c" -mcpu=cortex-m4 -std=gnu11 -g3 -DDEBUG -DUSE_HAL_DRIVER -DSTM32L432xx -c -I../Core/Inc -I../Drivers/STM32L4xx_HAL_Driver/Inc -I../Drivers/STM32L4xx_HAL_Driver/Inc/Legacy -I../Drivers/CMSIS/Device/ST/STM32L4xx/Include -I../Drivers/CMSIS/Include -O0 -ffunction-sections -fdata-sections -Wall -fstack-usage -fcyclomatic-complexity -MMD -MP -MF"Core/Src/main.d" -MT"Core/Src/main.o" --specs=nano.specs -mfpu=fpv4-sp-d16 -mfloat-abi=hard -mthumb -o "Core/Src/main.o"
../Core/Src/main.c: In function 'main':
../Core/Src/main.c:138:47: warning: format '%f' expects argument of type 'double', but argument 3 has type 'uint32_t' {aka 'long unsigned int'} [-Wformat=]
  138 |                   sprintf(uartMsg, "Temp = %.2f C, ADC Value = %lu\r\n", count, tCelsius);
      |                                            ~~~^                          ~~~~~
      |                                               |                          |
      |                                               double                     uint32_t {aka long unsigned int}
      |                                            %.2ld
../Core/Src/main.c:138:66: warning: format '%lu' expects argument of type 'long unsigned int', but argument 4 has type 'double' [-Wformat=]
  138 |                   sprintf(uartMsg, "Temp = %.2f C, ADC Value = %lu\r\n", count, tCelsius);
      |                                                                ~~^              ~~~~~~~~
      |                                                                  |              |
      |                                                                  |              double
      |                                                                  long unsigned int
      |                                                                %f
arm-none-eabi-gcc -o "task1.elf" @"objects.list"   -mcpu=cortex-m4 -T"C:\Users\azaki\Documents\.units\MYMI\task1\task1\STM32L432KCUX_FLASH.ld" --specs=nosys.specs -Wl,-Map="task1.map" -Wl,--gc-sections -static -u _printf_float --specs=nano.specs -mfpu=fpv4-sp-d16 -mfloat-abi=hard -mthumb -Wl,--start-group -lc -lm -Wl,--end-group
Finished building target: task1.elf
 
arm-none-eabi-size  task1.elf 
arm-none-eabi-objdump -h -S task1.elf  > "task1.list"
   text	   data	    bss	    dec	    hex	filename
  33652	    468	   2140	  36260	   8da4	task1.elf
Finished building: default.size.stdout
 
Finished building: task1.list
 
15:49:20 **** Incremental Build of configuration Debug for project task1 ****
make -j20 all 
arm-none-eabi-size  task1.elf 
   text	   data	    bss	    dec	    hex	filename
  33652	    468	   2140	  36260	   8da4	task1.elf
Finished building: default.size.stdout
 
15:50:05 **** Incremental Build of configuration Debug for project task1 ****
make -j20 all 
arm-none-eabi-gcc "../Core/Src/main.c" -mcpu=cortex-m4 -std=gnu11 -g3 -DDEBUG -DUSE_HAL_DRIVER -DSTM32L432xx -c -I../Core/Inc -I../Drivers/STM32L4xx_HAL_Driver/Inc -I../Drivers/STM32L4xx_HAL_Driver/Inc/Legacy -I../Drivers/CMSIS/Device/ST/STM32L4xx/Include -I../Drivers/CMSIS/Include -O0 -ffunction-sections -fdata-sections -Wall -fstack-usage -fcyclomatic-complexity -MMD -MP -MF"Core/Src/main.d" -MT"Core/Src/main.o" --specs=nano.specs -mfpu=fpv4-sp-d16 -mfloat-abi=hard -mthumb -o "Core/Src/main.o"
../Core/Src/main.c: In function 'main':
../Core/Src/main.c:138:47: warning: format '%f' expects argument of type 'double', but argument 3 has type 'uint32_t' {aka 'long unsigned int'} [-Wformat=]
  138 |                   sprintf(uartMsg, "Temp = %.2f C, ADC Value = %lu\r\n", count, tCelsius, adcValue);
      |                                            ~~~^                          ~~~~~
      |                                               |                          |
      |                                               double                     uint32_t {aka long unsigned int}
      |                                            %.2ld
../Core/Src/main.c:138:66: warning: format '%lu' expects argument of type 'long unsigned int', but argument 4 has type 'double' [-Wformat=]
  138 |                   sprintf(uartMsg, "Temp = %.2f C, ADC Value = %lu\r\n", count, tCelsius, adcValue);
      |                                                                ~~^              ~~~~~~~~
      |                                                                  |              |
      |                                                                  |              double
      |                                                                  long unsigned int
      |                                                                %f
../Core/Src/main.c:138:36: warning: too many arguments for format [-Wformat-extra-args]
  138 |                   sprintf(uartMsg, "Temp = %.2f C, ADC Value = %lu\r\n", count, tCelsius, adcValue);
      |                                    ^~~~~~~~~~~~~~~~~~~~~~~~~~~~~~~~~~~~
arm-none-eabi-gcc -o "task1.elf" @"objects.list"   -mcpu=cortex-m4 -T"C:\Users\azaki\Documents\.units\MYMI\task1\task1\STM32L432KCUX_FLASH.ld" --specs=nosys.specs -Wl,-Map="task1.map" -Wl,--gc-sections -static -u _printf_float --specs=nano.specs -mfpu=fpv4-sp-d16 -mfloat-abi=hard -mthumb -Wl,--start-group -lc -lm -Wl,--end-group
Finished building target: task1.elf
 
arm-none-eabi-size  task1.elf 
arm-none-eabi-objdump -h -S task1.elf  > "task1.list"
   text	   data	    bss	    dec	    hex	filename
  33660	    468	   2140	  36268	   8dac	task1.elf
Finished building: default.size.stdout
 
Finished building: task1.list
 
15:50:25 **** Incremental Build of configuration Debug for project task1 ****
make -j20 all 
arm-none-eabi-size  task1.elf 
   text	   data	    bss	    dec	    hex	filename
  33660	    468	   2140	  36268	   8dac	task1.elf
Finished building: default.size.stdout
 
15:51:13 **** Incremental Build of configuration Debug for project task1 ****
make -j20 all 
arm-none-eabi-gcc "../Core/Src/main.c" -mcpu=cortex-m4 -std=gnu11 -g3 -DDEBUG -DUSE_HAL_DRIVER -DSTM32L432xx -c -I../Core/Inc -I../Drivers/STM32L4xx_HAL_Driver/Inc -I../Drivers/STM32L4xx_HAL_Driver/Inc/Legacy -I../Drivers/CMSIS/Device/ST/STM32L4xx/Include -I../Drivers/CMSIS/Include -O0 -ffunction-sections -fdata-sections -Wall -fstack-usage -fcyclomatic-complexity -MMD -MP -MF"Core/Src/main.d" -MT"Core/Src/main.o" --specs=nano.specs -mfpu=fpv4-sp-d16 -mfloat-abi=hard -mthumb -o "Core/Src/main.o"
arm-none-eabi-gcc -o "task1.elf" @"objects.list"   -mcpu=cortex-m4 -T"C:\Users\azaki\Documents\.units\MYMI\task1\task1\STM32L432KCUX_FLASH.ld" --specs=nosys.specs -Wl,-Map="task1.map" -Wl,--gc-sections -static -u _printf_float --specs=nano.specs -mfpu=fpv4-sp-d16 -mfloat-abi=hard -mthumb -Wl,--start-group -lc -lm -Wl,--end-group
Finished building target: task1.elf
 
arm-none-eabi-size  task1.elf 
arm-none-eabi-objdump -h -S task1.elf  > "task1.list"
   text	   data	    bss	    dec	    hex	filename
  33652	    468	   2140	  36260	   8da4	task1.elf
Finished building: default.size.stdout
 
Finished building: task1.list
 
15:51:30 **** Incremental Build of configuration Debug for project task1 ****
make -j20 all 
arm-none-eabi-size  task1.elf 
   text	   data	    bss	    dec	    hex	filename
  33652	    468	   2140	  36260	   8da4	task1.elf
Finished building: default.size.stdout
 
15:53:46 **** Incremental Build of configuration Debug for project task1 ****
make -j20 all 
arm-none-eabi-gcc "../Core/Src/main.c" -mcpu=cortex-m4 -std=gnu11 -g3 -DDEBUG -DUSE_HAL_DRIVER -DSTM32L432xx -c -I../Core/Inc -I../Drivers/STM32L4xx_HAL_Driver/Inc -I../Drivers/STM32L4xx_HAL_Driver/Inc/Legacy -I../Drivers/CMSIS/Device/ST/STM32L4xx/Include -I../Drivers/CMSIS/Include -O0 -ffunction-sections -fdata-sections -Wall -fstack-usage -fcyclomatic-complexity -MMD -MP -MF"Core/Src/main.d" -MT"Core/Src/main.o" --specs=nano.specs -mfpu=fpv4-sp-d16 -mfloat-abi=hard -mthumb -o "Core/Src/main.o"
arm-none-eabi-gcc -o "task1.elf" @"objects.list"   -mcpu=cortex-m4 -T"C:\Users\azaki\Documents\.units\MYMI\task1\task1\STM32L432KCUX_FLASH.ld" --specs=nosys.specs -Wl,-Map="task1.map" -Wl,--gc-sections -static -u _printf_float --specs=nano.specs -mfpu=fpv4-sp-d16 -mfloat-abi=hard -mthumb -Wl,--start-group -lc -lm -Wl,--end-group
Finished building target: task1.elf
 
arm-none-eabi-size  task1.elf 
arm-none-eabi-objdump -h -S task1.elf  > "task1.list"
   text	   data	    bss	    dec	    hex	filename
  33324	    468	   2140	  35932	   8c5c	task1.elf
Finished building: default.size.stdout
 
Finished building: task1.list
 
15:54:11 **** Incremental Build of configuration Debug for project task1 ****
make -j20 all 
arm-none-eabi-size  task1.elf 
   text	   data	    bss	    dec	    hex	filename
  33324	    468	   2140	  35932	   8c5c	task1.elf
Finished building: default.size.stdout
 
15:54:32 **** Incremental Build of configuration Debug for project task1 ****
make -j20 all 
arm-none-eabi-size  task1.elf 
   text	   data	    bss	    dec	    hex	filename
  33324	    468	   2140	  35932	   8c5c	task1.elf
Finished building: default.size.stdout
 
15:55:10 **** Incremental Build of configuration Debug for project task1 ****
make -j20 all 
arm-none-eabi-gcc "../Core/Src/main.c" -mcpu=cortex-m4 -std=gnu11 -g3 -DDEBUG -DUSE_HAL_DRIVER -DSTM32L432xx -c -I../Core/Inc -I../Drivers/STM32L4xx_HAL_Driver/Inc -I../Drivers/STM32L4xx_HAL_Driver/Inc/Legacy -I../Drivers/CMSIS/Device/ST/STM32L4xx/Include -I../Drivers/CMSIS/Include -O0 -ffunction-sections -fdata-sections -Wall -fstack-usage -fcyclomatic-complexity -MMD -MP -MF"Core/Src/main.d" -MT"Core/Src/main.o" --specs=nano.specs -mfpu=fpv4-sp-d16 -mfloat-abi=hard -mthumb -o "Core/Src/main.o"
arm-none-eabi-gcc -o "task1.elf" @"objects.list"   -mcpu=cortex-m4 -T"C:\Users\azaki\Documents\.units\MYMI\task1\task1\STM32L432KCUX_FLASH.ld" --specs=nosys.specs -Wl,-Map="task1.map" -Wl,--gc-sections -static -u _printf_float --specs=nano.specs -mfpu=fpv4-sp-d16 -mfloat-abi=hard -mthumb -Wl,--start-group -lc -lm -Wl,--end-group
Finished building target: task1.elf
 
arm-none-eabi-size  task1.elf 
arm-none-eabi-objdump -h -S task1.elf  > "task1.list"
   text	   data	    bss	    dec	    hex	filename
  33652	    468	   2140	  36260	   8da4	task1.elf
Finished building: default.size.stdout
 
Finished building: task1.list
 
16:05:09 **** Incremental Build of configuration Debug for project task1 ****
make -j20 all 
arm-none-eabi-gcc "../Core/Src/main.c" -mcpu=cortex-m4 -std=gnu11 -g3 -DDEBUG -DUSE_HAL_DRIVER -DSTM32L432xx -c -I../Core/Inc -I../Drivers/STM32L4xx_HAL_Driver/Inc -I../Drivers/STM32L4xx_HAL_Driver/Inc/Legacy -I../Drivers/CMSIS/Device/ST/STM32L4xx/Include -I../Drivers/CMSIS/Include -O0 -ffunction-sections -fdata-sections -Wall -fstack-usage -fcyclomatic-complexity -MMD -MP -MF"Core/Src/main.d" -MT"Core/Src/main.o" --specs=nano.specs -mfpu=fpv4-sp-d16 -mfloat-abi=hard -mthumb -o "Core/Src/main.o"
arm-none-eabi-gcc -o "task1.elf" @"objects.list"   -mcpu=cortex-m4 -T"C:\Users\azaki\Documents\.units\MYMI\task1\task1\STM32L432KCUX_FLASH.ld" --specs=nosys.specs -Wl,-Map="task1.map" -Wl,--gc-sections -static -u _printf_float --specs=nano.specs -mfpu=fpv4-sp-d16 -mfloat-abi=hard -mthumb -Wl,--start-group -lc -lm -Wl,--end-group
Finished building target: task1.elf
 
arm-none-eabi-size  task1.elf 
arm-none-eabi-objdump -h -S task1.elf  > "task1.list"
   text	   data	    bss	    dec	    hex	filename
  33652	    468	   2140	  36260	   8da4	task1.elf
Finished building: default.size.stdout
 
Finished building: task1.list
 
16:06:01 **** Incremental Build of configuration Debug for project task1 ****
make -j20 all 
arm-none-eabi-size  task1.elf 
   text	   data	    bss	    dec	    hex	filename
  33652	    468	   2140	  36260	   8da4	task1.elf
Finished building: default.size.stdout
 
16:07:17 **** Incremental Build of configuration Debug for project task1 ****
make -j20 all 
arm-none-eabi-size  task1.elf 
   text	   data	    bss	    dec	    hex	filename
  33652	    468	   2140	  36260	   8da4	task1.elf
Finished building: default.size.stdout
 
16:07:35 **** Incremental Build of configuration Debug for project task1 ****
make -j20 all 
arm-none-eabi-size  task1.elf 
   text	   data	    bss	    dec	    hex	filename
  33652	    468	   2140	  36260	   8da4	task1.elf
Finished building: default.size.stdout
 
16:12:25 **** Incremental Build of configuration Debug for project task1 ****
make -j20 all 
arm-none-eabi-size  task1.elf 
   text	   data	    bss	    dec	    hex	filename
  33652	    468	   2140	  36260	   8da4	task1.elf
Finished building: default.size.stdout
 
16:12:42 **** Incremental Build of configuration Debug for project task1 ****
make -j20 all 
arm-none-eabi-size  task1.elf 
   text	   data	    bss	    dec	    hex	filename
  33652	    468	   2140	  36260	   8da4	task1.elf
Finished building: default.size.stdout
 
16:13:40 **** Incremental Build of configuration Debug for project task1 ****
make -j20 all 
arm-none-eabi-size  task1.elf 
   text	   data	    bss	    dec	    hex	filename
  33652	    468	   2140	  36260	   8da4	task1.elf
Finished building: default.size.stdout
 
16:13:59 **** Incremental Build of configuration Debug for project task1 ****
make -j20 all 
arm-none-eabi-size  task1.elf 
   text	   data	    bss	    dec	    hex	filename
  33652	    468	   2140	  36260	   8da4	task1.elf
Finished building: default.size.stdout
 
